1790542009 24895624 11876 0 0
1790542010 24763892 129088 0 0
1790542011 24539808 346224 67824 0
1790542012 24538440 346228 67836 0
1790542013 24537432 346228 67904 0
1790542014 24529668 346232 67904 0
1790542016 24533868 346236 67908 0
1790542017 24258664 656340 0 0
1790542018 24247704 670148 0 0
1790542019 24205464 664076 0 0
1790542020 24183936 664968 0 0
1790542021 24192032 664968 0 0
1790542022 24197040 665360 0 0
1790542023 24193216 666852 0 0
1790542024 24183308 666852 0 0
1790542025 24188264 666856 0 0
1790542026 24192240 666856 0 0
1790542027 24192876 667172 0 0
1790542028 24199236 667172 0 0
1790542029 24224208 661100 0 0
1790542030 24232092 667768 0 0
1790542032 24238704 667768 0 0
1790542033 24239828 667768 0 0
1790542034 24245232 667768 0 0
1790542035 24254456 667768 0 0
1790542036 24258888 667804 0 0
1790542037 24244984 668136 0 0
1790542038 24246336 668136 0 0
1790542039 24294848 662068 0 0
1790542040 24279880 668140 0 0
1790542041 24280708 668144 0 0
1790542042 24287476 668144 0 0
1790542043 24291420 668148 0 0
1790542044 24292296 668160 0 0
1790542045 24287708 668168 0 0
1790542047 24290600 668204 0 0
1790542048 24289788 668208 0 0
1790542049 24297112 668216 0 0
1790542050 24297164 668220 0 0
1790542051 24297324 668224 0 0
1790542052 24297596 668228 0 0
1790542053 24298388 668236 0 0
1790542054 24299780 668240 0 0
1790542055 24300860 668244 0 0
1790542056 24300116 668248 0 0
1790542057 24295856 674332 0 0
1790542058 24305964 668264 0 0
1790542059 24309120 668268 0 0
1790542060 24313120 674352 0 0
1790542062 24304132 674360 0 0
1790542063 24323584 668288 0 0
1790542064 24331512 668300 0 0
1790542065 24318184 668304 0 0
1790542066 24321284 668304 0 0
1790542067 24321048 668308 0 0
1790542068 24318528 668320 0 0
1790542069 24321020 668324 0 0
1790542070 24321348 668328 0 0
1790542071 24322088 668332 0 0
1790542072 24322168 668344 0 0
1790542073 24320892 668352 0 0
1790542074 24324340 668424 0 0
1790542075 24322208 668432 0 0
1790542077 24323456 668436 0 0
1790542078 24321280 668444 0 0
1790542079 24278500 668452 0 0
1790542080 24275236 668456 0 0
1790542081 24276548 668460 0 0
1790542082 24273932 668468 0 0
1790542083 24272412 668472 0 0
1790542084 24273420 668472 0 0
1790542085 24274808 668488 0 0
1790542086 24274016 668488 0 0
1790542087 24272604 668500 0 0
1790542088 24272616 668500 0 0
1790542089 24271752 668512 0 0
1790542090 24272460 668516 0 0
1790542091 24276032 668524 0 0
1790542093 24275084 668572 0 0
1790542094 24275020 668588 0 0
1790542095 24274024 668588 0 0
1790542096 24274748 668592 0 0
1790542097 24271100 668600 0 0
1790542098 24267024 668688 0 0
1790542099 24299772 668692 0 0
1790542100 24295940 674772 0 0
1790542101 24301528 668700 0 0
1790542102 24306132 668784 0 0
1790542103 24303868 668792 0 0
1790542104 24307052 668796 0 0
1790542105 24303272 668808 0 0
1790542106 24305564 668812 0 0
1790542108 24304892 668820 0 0
1790542109 24310532 668824 0 0
1790542110 24318640 668824 0 0
1790542111 24328016 668832 0 0
1790542112 24323668 674920 0 0
1790542113 24329112 668856 0 0
1790542114 24329196 668856 0 0
1790542115 24328500 668860 0 0
1790542116 24327220 668860 0 0
1790542117 24326988 668868 0 0
1790542118 24319876 674956 0 0
1790542119 24329880 668884 0 0
1790542120 24328540 668892 0 0
1790542121 24325924 668900 0 0
1790542123 24320976 674976 0 0
1790542124 24333908 668908 0 0
1790542125 24325588 668920 0 0
1790542126 24324424 668924 0 0
1790542127 24320476 668928 0 0
1790542128 24317404 668928 0 0
1790542129 24317000 668940 0 0
1790542130 24317420 668940 0 0
1790542131 24318680 668952 0 0
1790542132 24318676 668960 0 0
1790542133 24321212 668964 0 0
1790542134 24315352 675044 0 0
1790542135 24322416 668972 0 0
1790542136 24318652 668980 0 0
1790542137 24311056 669016 0 0
1790542139 24270764 669024 0 0
1790542140 24267264 669028 0 0
1790542141 24265348 669036 0 0
1790542142 24262608 669036 0 0
1790542143 24262716 669048 0 0
1790542144 24261280 662976 0 0
1790542145 24252276 669064 0 0
1790542146 24253100 669064 0 0
1790542147 24249760 669072 0 0
1790542148 24246560 675156 0 0
1790542149 24245704 669080 0 0
1790542150 24248840 669084 0 0
1790542151 24245308 675164 0 0
1790542152 24256600 669104 0 0
1790542154 24254392 669108 0 0
1790542155 24253812 669112 0 0
1790542156 24253816 669116 0 0
1790542157 24259492 663056 0 0
1790542158 24251676 669132 0 0
1790542159 24295244 675220 0 0
1790542160 24295912 675228 0 0
1790542161 24308732 669156 0 0
1790542162 24314900 669160 0 0
1790542163 24310676 669164 0 0
1790542164 24306544 669172 0 0
1790542165 24318500 663104 0 0
1790542166 24315268 669180 0 0
1790542167 24315316 669184 0 0
1790542169 24323392 669188 0 0
1790542170 24176684 783928 0 0
1790542171 24099964 894548 0 0
1790542172 23982236 998388 0 0
1790542173 24048192 953540 0 0
1790542174 24187540 835804 0 0
1790542175 24098404 911148 0 0
1790542176 24077688 916152 0 0
1790542177 24149908 850832 0 0
1790542178 24033732 938216 0 0
1790542179 24047960 922368 0 0
1790542181 24008648 910092 0 0
1790542182 23962732 927576 0 0
1790542183 23958832 934416 0 0
1790542184 23980372 826296 0 0
1790542185 24011872 929652 0 0
1790542186 23996896 933876 0 0
1790542187 23980536 934412 0 0
1790542188 23949492 967844 0 0
1790542189 24004668 923992 0 0
1790542190 24011624 927464 0 0
1790542192 24090620 891904 0 0
1790542193 24032844 933012 0 0
1790542194 24030700 924576 0 0
1790542195 23980400 974560 0 0
1790542196 24069696 920100 0 0
1790542197 24077508 918624 0 0
1790542198 24129756 831252 0 0
1790542199 24000068 955160 0 0
1790542200 23992464 923016 0 0
1790542201 24043688 890172 0 0
1790542202 24064768 900312 0 0
1790542204 23990608 930392 0 0
1790542205 24049360 935080 0 0
1790542206 24074088 920632 0 0
1790542207 24040376 956064 0 0
1790542208 24041380 935244 0 0
1790542209 24100400 878088 0 0
1790542210 23996036 905912 0 0
1790542211 24013428 932224 0 0
1790542212 24195692 892568 0 0
1790542213 24239192 897680 0 0
1790542215 24219428 928952 0 0
1790542216 24234440 922716 0 0
1790542217 24294988 895888 0 0
1790542218 24178168 942900 0 0
1790542219 24271232 927864 0 0
1790542220 24315248 916784 0 0
1790542221 24287388 955236 0 0
1790542222 24291080 929220 0 0
1790542223 24245684 935760 0 0
1790542224 24293684 894488 0 0
1790542225 24240828 948660 0 0
1790542227 24283860 894508 0 0
1790542228 24215652 1003156 0 0
1790542229 24271028 936240 0 0
1790542230 24287644 860456 0 0
1790542231 24290988 949744 0 0
1790542232 24283360 941640 0 0
1790542233 24324956 905740 0 0
1790542234 24240496 974660 0 0
1790542235 24231420 948052 0 0
1790542236 24254384 936692 0 0
1790542238 24199628 962552 0 0
1790542239 24237932 930496 0 0
1790542240 24322060 900296 0 0
1790542241 24259660 939320 0 0
1790542242 24260116 932748 0 0
1790542243 24358244 891932 0 0
1790542244 24300616 929088 0 0
1790542245 24281096 936432 0 0
1790542246 24396976 854944 0 0
1790542247 24189312 1038796 0 0
1790542249 24269100 930140 0 0
1790542250 24322696 868140 0 0
1790542251 24298716 927788 0 0
1790542252 24262128 934656 0 0
1790542253 24367468 876824 0 0
1790542254 24304428 927456 0 0
1790542255 24277796 933980 0 0
1790542256 24365028 847912 0 0
1790542257 24316272 928812 0 0
1790542258 24303984 936156 0 0
1790542260 24319816 898368 0 0
1790542261 24274244 948392 0 0
1790542262 24271696 938216 0 0
1790542263 24254300 999928 0 0
1790542264 24185316 1055248 0 0
1790542265 24204636 1034948 0 0
1790542266 24240204 1008320 0 0
1790542267 24275908 933520 0 0
1790542268 24363460 861776 17708 0
1790542269 24143844 1299664 0 0
1790542270 23479588 1855056 0 0
1790542271 23474528 1851912 0 0
1790542272 23354180 1874508 0 0
1790542274 23352448 1852084 0 0
1790542275 23337184 1852092 0 0
1790542276 23389548 1852116 0 0
1790542277 23379284 1862256 0 0
1790542278 23359904 1905712 0 0
1790542279 23338144 1947900 0 0
1790542280 22939108 2367852 0 0
1790542281 22943984 2367852 0 0
1790542282 22943600 2367852 0 0
1790542283 22952068 2367852 0 0
1790542284 22811560 2367680 0 0
1790542285 22829420 2367680 0 0
1790542286 22798672 2412684 0 0
1790542287 22815344 2412684 0 0
1790542288 22915548 2322676 0 0
1790542289 22872188 2467316 0 0
1790542291 22867056 2485388 0 0
1790542292 22835480 2530940 0 0
1790542293 22304396 2544152 292004 1
1790542294 22301692 2544152 283344 1
1790542295 22663396 2544152 51536 1
1790542296 22733644 2553764 0 2
1790542297 22706992 2587660 0 2
1790542298 22300604 2588812 177004 3
1790542299 22152728 2588812 301820 3
1790542300 22149364 2588812 289280 3
1790542301 22157212 2588812 289644 3
1790542302 22675992 2588812 58540 3
1790542303 22688884 2648060 0 4
1790542304 22599840 2637056 0 4
1790542305 22145724 2637056 298240 5
1790542306 22152120 2637056 278420 5
1790542308 22600908 2637056 49912 5
1790542309 22553020 2708368 0 6
1790542310 22560944 2708368 0 6
1790542311 22572004 2708368 0 6
1790542312 22063968 2685212 287768 7
1790542313 22042884 2685212 288900 7
1790542314 22040128 2685212 289248 7
1790542315 22041264 2685212 289428 7
1790542316 22038920 2685212 289828 7
1790542317 22605684 2685212 15848 7
1790542318 22599580 2685212 60472 7
1790542319 22662568 2711204 0 8
1790542320 22295236 2712352 110244 9
1790542321 22067588 2712352 299584 9
1790542323 22137204 2712352 0 9
1790542324 22558444 2669936 0 10
1790542325 22526444 2733844 0 10
1790542326 22253996 2734992 52868 11
1790542327 22017568 2734992 303328 11
1790542328 22024260 2734992 284564 11
1790542329 22524980 2734992 17336 11
1790542330 22626104 2634140 0 12
1790542331 22451232 2680824 0 12
1790542332 22065096 2680824 294620 13
1790542333 22062112 2680824 280288 13
1790542334 22391552 2680824 59112 13
1790542335 22486636 2613144 0 14
1790542336 22352072 2614292 0 15
1790542337 22083264 2614292 298004 15
1790542338 22085796 2614292 279488 15
1790542340 22530868 2614292 59428 15
1790542341 22446004 2659068 0 16
1790542342 22130308 2641988 271732 17
1790542343 22040136 2641988 299104 17
1790542344 22469496 2641988 0 17
1790542345 22512556 2669412 0 18
1790542346 22480852 2707236 0 18
1790542347 21938736 2690156 285444 19
1790542348 21918496 2690156 288056 19
1790542349 22454088 2690156 0 19
1790542350 22530880 2668864 0 20
