1790571247 2875 975 
1790571251 2875 975 
1790571254 2875 975 
1790571257 2875 975 
1790571260 3186 534 
1790571263 3186 534 
1790571266 3186 534 
1790571269 3338 534 
1790571272 3338 534 
1790571275 3338 534 
1790571278 3338 534 
1790571281 3338 534 
1790571285 3338 534 
1790571288 3338 534 
1790571291 3238 506 
1790571294 3238 506 
1790571297 3238 506 
1790571300 3390 506 
1790571303 3390 506 
1790571306 3390 506 
1790571309 3374 506 
1790571312 3374 506 
1790571315 3394 506 
1790571318 3394 506 
1790571322 3316 506 
1790571325 3316 506 
1790571328 3316 506 
1790571331 3471 506 
1790571334 3471 506 
1790571337 3471 506 
1790571340 3472 506 
1790571343 3472 506 
1790571346 3472 506 
1790571349 3472 506 
1790571352 3550 248 
1790571355 3550 248 
1790571359 3698 248 
1790571362 3698 248 
1790571365 3698 248 
1790571368 3698 248 
1790571371 3698 248 
1790571374 3698 248 
1790571377 3698 248 
1790571380 3698 248 
1790571383 3603 191 
1790571386 3603 191 
1790571389 3754 191 
1790571392 3754 191 
1790571396 3754 191 
1790571399 3754 191 
1790571402 3754 191 
1790571405 3754 191 
1790571408 3754 191 
1790571411 3754 191 
1790571414 3624 169 
1790571417 3624 169 
1790571420 3776 169 
1790571423 3776 169 
1790571426 3776 169 
1790571429 3776 169 
1790571432 3776 169 
1790571436 3776 169 
1790571439 3776 169 
1790571442 3588 147 
1790571445 3588 147 
1790571448 3588 147 
1790571451 3743 147 
1790571454 3743 147 
1790571457 3743 147 
1790571460 3743 147 
1790571463 3743 147 
1790571466 3743 147 
1790571470 3743 147 
1790571473 3615 125 
1790571476 3615 125 
1790571479 3763 125 
1790571482 3763 125 
1790571485 3763 125 
1790571488 3763 125 
1790571491 3763 125 
1790571494 3763 125 
1790571497 3763 125 
1790571500 3763 125 
1790571503 3628 106 
1790571507 3628 106 
1790571510 3780 106 
1790571513 3780 106 
1790571516 3780 106 
1790571519 3780 106 
1790571522 3780 106 
1790571525 3780 106 
1790571528 3780 106 
1790571531 3780 106 
1790571534 3652 84 
1790571537 3652 84 
1790571541 3804 84 
1790571544 3804 84 
1790571547 3804 84 
1790571550 3804 84 
1790571553 3804 84 
1790571556 3804 84 
1790571559 3804 84 
1790571562 3670 62 
1790571565 3670 62 
1790571568 3670 62 
1790571571 3827 62 
1790571574 3827 62 
1790571578 3827 62 
1790571581 3827 62 
1790571584 3827 62 
1790571587 3827 62 
1790571590 3827 62 
1790571593 3702 39 
1790571596 3702 39 
1790571599 3850 39 
1790571602 3850 39 
1790571605 3850 39 
1790571608 3850 39 
1790571611 3850 39 
1790571615 3850 39 
1790571618 3850 39 
1790571621 3850 39 
1790571624 3699 39 
1790571627 3699 39 
1790571630 3852 39 
1790571633 3852 39 
1790571636 3852 39 
1790571639 3852 39 
1790571642 3852 39 
1790571645 3852 39 
1790571649 3852 39 
1790571652 3852 39 
